18:35:15 **** Incremental Build of configuration Debug for project lab4_stm32 ****
make -j4 all 
arm-none-eabi-gcc "../Core/Src/main.c" -mcpu=cortex-m3 -std=gnu11 -g3 -DDEBUG -DUSE_HAL_DRIVER -DSTM32F103x6 -c -I../Core/Inc -I../Drivers/STM32F1xx_HAL_Driver/Inc -I../Drivers/STM32F1xx_HAL_Driver/Inc/Legacy -I../Drivers/CMSIS/Device/ST/STM32F1xx/Include -I../Drivers/CMSIS/Include -O0 -ffunction-sections -fdata-sections -Wall -fstack-usage -MMD -MP -MF"Core/Src/main.d" -MT"Core/Src/main.o" --specs=nano.specs -mfloat-abi=soft -mthumb -o "Core/Src/main.o"
arm-none-eabi-gcc -o "lab4_stm32.elf" @"objects.list"   -mcpu=cortex-m3 -T"E:\221\MCU\MCU_Lab4\lab4_stm32\STM32F103C6UX_FLASH.ld" --specs=nosys.specs -Wl,-Map="lab4_stm32.map" -Wl,--gc-sections -static --specs=nano.specs -mfloat-abi=soft -mthumb -Wl,--start-group -lc -lm -Wl,--end-group
Finished building target: lab4_stm32.elf
 
arm-none-eabi-size   lab4_stm32.elf 
arm-none-eabi-objdump -h -S  lab4_stm32.elf  > "lab4_stm32.list"
arm-none-eabi-objcopy  -O ihex  lab4_stm32.elf  "lab4_stm32.hex"
arm-none-eabi-objcopy  -O binary  lab4_stm32.elf  "lab4_stm32.bin"
   text	   data	    bss	    dec	    hex	filename
   7848	     20	   2444	  10312	   2848	lab4_stm32.elf
Finished building: default.size.stdout
 
Finished building: lab4_stm32.hex
Finished building: lab4_stm32.list
Finished building: lab4_stm32.bin
 
 
 

18:35:16 Build Finished. 0 errors, 0 warnings. (took 1s.156ms)

